// Jest Snapshot v1, https://goo.gl/fbAQLP

exports[`Note render display or edit 1`] = `
<li>
  <NoteDisplay
    note={
      Object {
        "content": "Sunday, shower day :)",
        "key": "123",
        "title": "shower",
      }
    }
    onDelete={[Function]}
    onEdit={[Function]}
  />
</li>
`;

exports[`Note render display or edit 2`] = `
<li>
  <NoteDisplay
    note={
      Object {
        "content": "Sunday, shower day :)",
        "key": "123",
        "title": "shower",
      }
    }
    onDelete={[Function]}
    onEdit={[Function]}
  />
</li>
`;
