// Jest Snapshot v1, https://goo.gl/fbAQLP

exports[`Note display renders display, then edit 1`] = `
<div>
  <h3>
    title
  </h3>
  <p>
    content
  </p>
  <p>
    Not completed
  </p>
  <button
    name="edit"
    onClick={[MockFunction]}
  >
    Edit
  </button>
  <button
    name="delete"
    onClick={[MockFunction]}
  >
    delete
  </button>
</div>
`;
