// Jest Snapshot v1, https://goo.gl/fbAQLP

exports[`Notes List renders add if no note prop 1`] = `
<ul>
  <Note
    key="abc"
    note={
      Object {
        "content": "Must get milk",
        "key": "abc",
        "title": "Get milk",
      }
    }
    onRemove={[MockFunction]}
    onUpdate={[MockFunction]}
  />
  <Note
    key="def"
    note={
      Object {
        "content": "Must get eggs",
        "key": "def",
        "title": "Get eggs",
      }
    }
    onRemove={[MockFunction]}
    onUpdate={[MockFunction]}
  />
  <Note
    key="ghi"
    note={
      Object {
        "content": "Must get coffee",
        "key": "ghi",
        "title": "Get coffee",
      }
    }
    onRemove={[MockFunction]}
    onUpdate={[MockFunction]}
  />
</ul>
`;
