// Jest Snapshot v1, https://goo.gl/fbAQLP

exports[`Notes renders add if no note prop 1`] = `
<ul>
  <Note
    key="abc"
    note={
      Object {
        "content": "sunday",
        "key": "abc",
        "title": "wash car",
      }
    }
    onRemove={[MockFunction]}
    onUpdate={[MockFunction]}
  />
  <Note
    key="def"
    note={
      Object {
        "content": "saturday",
        "key": "def",
        "title": "yard work",
      }
    }
    onRemove={[MockFunction]}
    onUpdate={[MockFunction]}
  />
  <Note
    key="ghi"
    note={
      Object {
        "content": "monday",
        "key": "ghi",
        "title": "bank",
      }
    }
    onRemove={[MockFunction]}
    onUpdate={[MockFunction]}
  />
</ul>
`;
