// Jest Snapshot v1, https://goo.gl/fbAQLP

exports[`Note List Renders display 1`] = `
<div>
  <p>
    Note
  </p>
  <p>
    Content
  </p>
  <button
    name="edit"
    onClick={[MockFunction]}
  >
    Edit
  </button>
  <button
    name="edit"
    onClick={[MockFunction]}
  >
    Delete
  </button>
</div>
`;
